000d78a8 000d697a 000d78a8 000d697a 000d78a8 000d697a 000d78a8 000d697a 000d78a8 000d697a 000d78a8 000d697a 000d78a8 000d697a 000d78a8 000d697a 000d78a8 000d697a 000d78a8 000d697a 00002eb4 000d781c 000d697a 00002f88 (asid=0x00029000)  2
000045e0 00004260 0000403a 00003dec 0000c120 00100215 00107515 0010925f 001091c8 00108beb 00002dd6 000d4fb3 000d7f29 000d5477 000d5f3c 00100215 00107371 00102ae2 000c557d 000c2471 000c23c4 000c209f (asid=0x00115000)  1
000045e0 00004260 0000403a 00003dec 0000c120 00100215 00107515 0010925f 001091c8 00108beb 00002dd6 000d4fb3 000d7f29 000d5477 000d5f3c 00100215 00107371 00102ae2 000c557d 000c2471 000c23c4 000c211c (asid=0x00115000)  1
000045e0 00004260 0000403a 00003dec 0000c120 00100215 00107515 0010925f 001091c8 00108beb 00002dd6 000d4fb3 000d7f29 000d5477 000d5f3c 00100215 00107371 00102ae2 000c557d 000c2471 000c23c4 000c2120 (asid=0x00115000)  1
000045e0 00004260 0000403a 00003dec 0000c120 00100215 00107515 0010925f 001091c8 00108beb 00002dd6 000d4fb3 000d7f29 000d5477 000d5f3c 00100215 00107371 00102ae2 000c557d 000c4ab5 (asid=0x00115000)  1
000045e0 00004260 0000403a 00003dec 0000c120 00100215 00107515 0010925f 001091c8 00108beb 00002dd6 000d4fb3 000d7f29 000d5477 000d5f3c 00100215 00107371 00102ae2 00101ee2 (asid=0x00115000)  1
000045e0 00004260 0000403a 00003dec 0000c120 00100215 00107515 0010925f 001091c8 00108beb 00002dd6 000d4fb3 000d7f29 000d5477 000d5f3c 00100215 00107371 00102ae2 00101ee5 (asid=0x00115000)  1
000045e0 00004260 0000403a 00003dec 0000c120 00100215 00107515 0010925f 001091c8 00108beb 00002dd6 000d4fb3 000d7f29 000d5477 000d5f3c 00100215 00107371 00102ae2 00101f06 (asid=0x00115000)  1
000045e0 00004260 0000403a 00003dec 0000c120 00100215 00107515 0010925f 001091c8 00108beb 00002dd6 000d4fb3 000d7f29 000d5477 000d5f3c 00100215 00107371 00102ae2 00101f4e (asid=0x00115000)  1
000d78a8 000d697a 000d78a8 000d697a 000d78a8 000d697a 000d78a8 000d697a 000d78a8 000d697a 000d78a8 000d697a 000d78a8 000d697a 000d78a8 000d697a 000d78a8 000d697a 000d78a8 000d697a 00002eb4 000d781c 000d697a 000d781c 000d697a 000d781c 000d697a 000d781c 000d697a 000d781c 000d697a 000d781c 000d697a 000d781c 000d697a 000d781c 000d697a 000d781c 000d697a 000d781c 000d697a 000d781c 000d697a 000d781c 000d697a 000d781c 000d697a 000d781c 000d697a 000d781c 000d697a 000d7868 000d697a 000d78a8 000d697a 000d78a8 000d697a 000d697a 000d78a8 000d697a 000d78a8 000d697a 000d78a8 000d697a 000d78a8 000d697a 00401a94 000d78a8 000d697a 000d78a8 000d697a 000d78a8 000d697a 000d78a8 000d697a 000d78a8 000d697a 000d781c 000d697a 00401ac6 0040386b 000d79b4 000d697a 000d79b4 000d697a 000d79b4 000d697a 000d79b4 000d697a 000d79b4 000d697a 000d79b4 000d697a 000d781c 000d697a 000d781c 000d697a 000d781c 000d697a 000d781c 000d697a 000d781c 000d697a 000d781c 000d697a 000d781c 000d697a 004038c8 00401ea0 00401e0d (asid=0x00029000)  1
000d78a8 000d697a 000d78a8 000d697a 000d78a8 000d697a 000d78a8 000d697a 000d78a8 000d697a 000d78a8 000d697a 000d78a8 000d697a 000d78a8 000d697a 000d78a8 000d697a 000d78a8 000d697a 00002eb4 000d781c 000d697a 000d781c 000d697a 000d781c 000d697a 000d781c 000d697a 000d781c 000d697a 000d781c 000d697a 000d781c 000d697a 000d781c 000d697a 000d781c 000d697a 000d781c 000d697a 000d781c 000d697a 000d781c 000d697a 000d781c 000d697a 000d781c 000d697a 000d781c 000d697a 000d7868 000d697a 000d78a8 000d697a 000d78a8 000d697a 000d697a 000d78a8 000d697a 000d78a8 000d697a 000d78a8 000d697a 000d78a8 000d697a 00401a94 000d78a8 000d697a 000d78a8 000d697a 000d78a8 000d697a 000d78a8 000d697a 000d78a8 000d697a 000d781c 000d697a 00401ac6 0040386b 000d79b4 000d697a 000d79b4 000d697a 000d79b4 000d697a 000d79b4 000d697a 000d79b4 000d697a 000d79b4 000d697a 000d781c 000d697a 000d781c 000d697a 000d781c 000d697a 000d781c 000d697a 000d781c 000d697a 000d781c 000d697a 000d781c 000d697a 004038c8 00401ea0 00401e0f (asid=0x00029000)  1
000d78a8 000d697a 000d78a8 000d697a 000d78a8 000d697a 000d78a8 000d697a 000d78a8 000d697a 000d78a8 000d697a 000d78a8 000d697a 000d78a8 000d697a 000d78a8 000d697a 000d78a8 000d697a 00002eb4 000d781c 000d697a 000d781c 000d697a 000d781c 000d697a 000d781c 000d697a 000d781c 000d697a 000d781c 000d697a 000d781c 000d697a 000d781c 000d697a 000d781c 000d697a 000d781c 000d697a 000d781c 000d697a 000d781c 000d697a 000d781c 000d697a 000d781c 000d697a 000d781c 000d697a 000d7868 000d697a 000d78a8 000d697a 000d78a8 000d697a 000d697a 000d78a8 000d697a 000d78a8 000d697a 000d78a8 000d697a 000d78a8 000d697a 00401a94 000d78a8 000d697a 000d78a8 000d697a 000d78a8 000d697a 000d78a8 000d697a 000d78a8 000d697a 000d781c 000d697a 00401ac6 0040386b 000d79b4 000d697a 000d79b4 000d697a 000d79b4 000d697a 000d79b4 000d697a 000d79b4 000d697a 000d79b4 000d697a 000d781c 000d697a 000d781c 000d697a 000d781c 000d697a 000d781c 000d697a 000d781c 000d697a 000d781c 000d697a 000d781c 000d697a 004038c8 00401f00 004040b6 004079ae (asid=0x00029000)  1
000d78a8 000d697a 000d78a8 000d697a 000d78a8 000d697a 000d78a8 000d697a 000d78a8 000d697a 000d78a8 000d697a 000d78a8 000d697a 000d78a8 000d697a 000d78a8 000d697a 000d78a8 000d697a 00002eb4 000d781c 000d697a 000d781c 000d697a 000d781c 000d697a 000d781c 000d697a 000d781c 000d697a 000d781c 000d697a 000d781c 000d697a 000d781c 000d697a 000d781c 000d697a 000d781c 000d697a 000d781c 000d697a 000d781c 000d697a 000d781c 000d697a 000d781c 000d697a 000d781c 000d697a 000d7868 000d697a 000d78a8 000d697a 000d78a8 000d697a 000d697a 000d78a8 000d697a 000d78a8 000d697a 000d78a8 000d697a 000d78a8 000d697a 00401a94 000d78a8 000d697a 000d78a8 000d697a 000d78a8 000d697a 000d78a8 000d697a 000d78a8 000d697a 000d781c 000d697a 00401ac6 0040386b 000d79b4 000d697a 000d79b4 000d697a 000d79b4 000d697a 000d79b4 000d697a 000d79b4 000d697a 000d79b4 000d697a 000d781c 000d697a 000d781c 000d697a 000d781c 000d697a 000d781c 000d697a 000d781c 000d697a 000d781c 000d697a 000d781c 000d697a 004038c8 00401f00 004040b6 00407d25 (asid=0x00029000)  1
000d78a8 000d697a 000d78a8 000d697a 000d78a8 000d697a 000d78a8 000d697a 000d78a8 000d697a 000d78a8 000d697a 000d78a8 000d697a 000d78a8 000d697a 000d78a8 000d697a 000d78a8 000d697a 00002eb4 000d781c 000d697a 000d781c 000d697a 000d781c 000d697a 000d781c 000d697a 000d781c 000d697a 000d781c 000d697a 000d781c 000d697a 000d781c 000d697a 000d781c 000d697a 000d781c 000d697a 000d781c 000d697a 000d781c 000d697a 000d781c 000d697a 000d781c 000d697a 000d781c 000d697a 000d7868 000d697a 000d78a8 000d697a 000d78a8 000d697a 000d697a 000d78a8 000d697a 000d78a8 000d697a 000d78a8 000d697a 000d78a8 000d697a 00401a94 000d78a8 000d697a 000d78a8 000d697a 000d78a8 000d697a 000d78a8 000d697a 000d78a8 000d697a 000d781c 000d697a 00401ac6 0040386b 000d79b4 000d697a 000d79b4 000d697a 000d79b4 000d697a 000d79b4 000d697a 000d79b4 000d697a 000d79b4 000d697a 000d781c 000d697a 000d781c 000d697a 000d781c 000d697a 000d781c 000d697a 000d781c 000d697a 000d781c 000d697a 000d781c 000d697a 004038c8 00401f00 004040b6 00407d34 00409c0a 0040abee 004052e3 004090b2 0040561f 00409451 (asid=0x00029000)  2
000d78a8 000d697a 000d78a8 000d697a 000d78a8 000d697a 000d78a8 000d697a 000d78a8 000d697a 000d78a8 000d697a 000d78a8 000d697a 000d78a8 000d697a 000d78a8 000d697a 000d78a8 000d697a 00002eb4 000d781c 000d697a 000d781c 000d697a 000d781c 000d697a 000d781c 000d697a 000d781c 000d697a 000d781c 000d697a 000d781c 000d697a 000d781c 000d697a 000d781c 000d697a 000d781c 000d697a 000d781c 000d697a 000d781c 000d697a 000d781c 000d697a 000d781c 000d697a 000d781c 000d697a 000d7868 000d697a 000d78a8 000d697a 000d78a8 000d697a 000d697a 000d78a8 000d697a 000d78a8 000d697a 000d78a8 000d697a 000d78a8 000d697a 00401a94 000d78a8 000d697a 000d78a8 000d697a 000d78a8 000d697a 000d78a8 000d697a 000d78a8 000d697a 000d781c 000d697a 00401ac6 0040386b 000d79b4 000d697a 000d79b4 000d697a 000d79b4 000d697a 000d79b4 000d697a 000d79b4 000d697a 000d79b4 000d697a 000d781c 000d697a 000d781c 000d697a 000d781c 000d697a 000d781c 000d697a 000d781c 000d697a 000d781c 000d697a 000d781c 000d697a 004038c8 00401f00 004040b6 00407d34 00409c0a 0040ab63 (asid=0x00029000)  1
000d78a8 000d697a 000d78a8 000d697a 000d78a8 000d697a 000d78a8 000d697a 000d78a8 000d697a 000d78a8 000d697a 000d78a8 000d697a 000d78a8 000d697a 000d78a8 000d697a 000d78a8 000d697a 00002eb4 000d781c 000d697a 000d781c 000d697a 000d781c 000d697a 000d781c 000d697a 000d781c 000d697a 000d781c 000d697a 000d781c 000d697a 000d781c 000d697a 000d781c 000d697a 000d781c 000d697a 000d781c 000d697a 000d781c 000d697a 000d781c 000d697a 000d781c 000d697a 000d781c 000d697a 000d7868 000d697a 000d78a8 000d697a 000d78a8 000d697a 000d697a 000d78a8 000d697a 000d78a8 000d697a 000d78a8 000d697a 000d78a8 000d697a 00401a94 000d78a8 000d697a 000d78a8 000d697a 000d78a8 000d697a 000d78a8 000d697a 000d78a8 000d697a 000d781c 000d697a 00401ac6 0040386b 000d79b4 000d697a 000d79b4 000d697a 000d79b4 000d697a 000d79b4 000d697a 000d79b4 000d697a 000d79b4 000d697a 000d781c 000d697a 000d781c 000d697a 000d781c 000d697a 000d781c 000d697a 000d781c 000d697a 000d781c 000d697a 000d781c 000d697a 004038c8 00401f00 004040b6 00407d34 00409c0a 0040ab66 (asid=0x00029000)  1
