77fa15db 80465691 7c4e87f5 004013e2 004016be 78023734 7800f47c 7800f086 78012e72 78012cfa (asid=0x0e32e000)  1
77fa15db 80465691 7c4e87f5 004013e2 004016be 78023734 7800f47c 7800f086 78012e72 78012d0b (asid=0x0e32e000)  1
77fa15db 80465691 7c4e87f5 004013e2 004016be 78023734 7800f47c 7800f086 78012e72 78012d3d 7c4fc311 7c4fc415 7c4fc394 (asid=0x0e32e000)  2
77fa15db 80465691 7c4e87f5 004013e2 004016be 78023734 7800f47c 7800f086 78012e72 78012d3d 7c4fc311 7c4fc415 7c4fc3bc 77f891d2 80465691 8049d72e 80402408 (asid=0x00000000)  2
77fa15db 80465691 7c4e87f5 004013e2 004016be 78023734 7800f47c 7800f086 78012e72 78012d3d 7c4fc311 7c4fc415 7c4fc3bc 77f891d2 80465691 8049d947 80402408 (asid=0x00000000)  2
5ff9404d 80465691 8049efd9 80402408 (asid=0x00000000)  2
5ff9404d 80465691 8049f177 80402408 (asid=0x00000000)  2
77fa15db 80465691 7c4e87f5 804689b6 8044af47 804410d2 80420ed2 8041fb8b bfca1af7 bfd0454a bfcfaadb bfd0d783 bfd0db4a bfd06986 bfcae288 bfca2c5f bfcaa059 bfcae3d6 bfcaa37b bfc836fa bfca2a17 bfd04d7a bfcfb102 bfcfbea3 8041fb8b bfd25906 804698c1 8006536c 804042be 80464bd5 bfecebb8 bfe67666 bfe6c542 bfe6fca4 bfe6e30b bfe680f4 bfe67bc0 bfee5183 bfd4f9ed bfd4f98c bfd5005d bfd5015d bfd52466 bfd66c3e bfd66d0c (asid=0x00000000)  4
