  pc = 0x8048b09
  pc = 0x8048b23
  pc = 0xb765c92b
  pc = 0xb765c9df
  pc = 0xb765c9f8
  pc = 0xb765ca05
  pc = 0xb76653ac
  pc = 0xb76653d0
  pc = 0xb76653e5
  pc = 0xb76653fa
  pc = 0xb76653ff
  pc = 0xb7665dfc
  pc = 0xb77d1020
  pc = 0xb77d1030
  pc = 0xc108def0
  pc = 0xc108df4a
  pc = 0xc10d8250
  pc = 0xc10edb92
  pc = 0xc1157b58
  pc = 0xc11583e3
  pc = 0xc1158459
  pc = 0xc13b726d
  pc = 0xc13b7288
  pc = 0xc13b729d
  pc = 0xc13bb24e
  pc = 0xc13bb2b9
  pc = 0xc13bb2e9
  pc = 0xc13bb2ec
  pc = 0xc13bb2ef
  pc = 0xc13bb2f5
  pc = 0xc13bb2f8
  pc = 0xc13bb317
  pc = 0xc13bc4a0
  pc = 0xc13bc4b4
  pc = 0xc13bc4bd
  pc = 0xc13bca75
  pc = 0xc13bca7e
  pc = 0xc13bcb4a
  pc = 0xc13bcb53
  pc = 0xc13bcb55
  pc = 0xc13bcb5e
  pc = 0xc14aca1b
  pc = 0xc14aca27
  pc = 0xc14aca2f
  pc = 0xc14aca35
  pc = 0xc14aca3d
  pc = 0xc14acb70
  pc = 0xc14acb90
  pc = 0xc14acbb6
  pc = 0xc14bbf70
  pc = 0xc14bbf84
  pc = 0xc14bbf8d
  pc = 0xc14bbf9c
  pc = 0xc14bbfa4
  pc = 0xc14bbfc0
  pc = 0xc14bbfcc
  pc = 0xc14bbfdb
  pc = 0xc14c072c
  pc = 0xc14c0735
  pc = 0xc14c07a0
  pc = 0xc14c07a9
  pc = 0xc14c0890
  pc = 0xc14c1e43
  pc = 0xc14c1ea2
  pc = 0xc14c1ec2
  pc = 0xc14c1eef
  pc = 0xc14c1f40
  pc = 0xc14c1f93
  pc = 0xc14c2060
  pc = 0xc14c20c3
  pc = 0xc14c2120
  pc = 0xc14c212e
  pc = 0xc14c24a0
  pc = 0xc14c25e0
  pc = 0xc14c26e9
  pc = 0xc16b49b0
  pc = 0xc16b49ed
  pc = 0xc16b8c10
  pc = 0xc16c6152
  pc = 0xc16c618a
  pc = 0xc16c663f
  pc = 0xc16c667b
  pc = 0xc16c669c
  pc = 0xc16c70ed
  pc = 0xc16c71cf
  pc = 0xc16c71e6
  pc = 0xc16d1ae2
  pc = 0xc16d45a0
  pc = 0xc16e9006
  pc = 0xc16e90dc
  pc = 0xc16e94b8
  pc = 0xc16e94c8
  pc = 0xc16e94e3
  pc = 0xc16e94ec
  pc = 0xc16e9508
  pc = 0xc16fd290
  pc = 0xc16fd2d7
  pc = 0xc16fd338
  pc = 0xc16fd353
  pc = 0xc16fd365
  pc = 0xc16fd36e
  pc = 0xc16fd381
  pc = 0xc16fd660
  pc = 0xc16fd66b
  pc = 0xc16fd678
  pc = 0xc16fd681
  pc = 0xc16fd69f
  pc = 0xc16fdd5c
  pc = 0xc16ff3e0
  pc = 0xc16ff42c
  pc = 0xc16ff45e
  pc = 0xc16ff480
  pc = 0xc16ff4b0
  pc = 0xc16ff7af
  pc = 0xc16ff80f
  pc = 0xc16ff818
  pc = 0xc16ffac0
  pc = 0xc16ffc33
  pc = 0xc16ffc4d
  pc = 0xc16ffd39
  pc = 0xc16ffd6e
  pc = 0xc16ffd8a
  pc = 0xc16ffd9c
  pc = 0xc16ffdb5
  pc = 0xc16ffe02
  pc = 0xc16ffe20
  pc = 0xc16fff43
  pc = 0xc170318a
  pc = 0xc1708920
  pc = 0xc170895b
  pc = 0xc17089c3
  pc = 0xc1708f80
  pc = 0xc1708ff8
  pc = 0xc1709000
  pc = 0xc1709041
  pc = 0xc1709046
  pc = 0xc1710fd0
  pc = 0xc17126ff
  pc = 0xc17127f0
  pc = 0xc17127f1
  pc = 0xc17130e0
  pc = 0xc171312d
  pc = 0xc1713136
  pc = 0xc1713150
  pc = 0xc1713161
  pc = 0xc1713166
  pc = 0xc171316e
  pc = 0xc1713190
  pc = 0xc17131a0
  pc = 0xc17131a8
  pc = 0xc17131ae
  pc = 0xc17131b2
  pc = 0xc17131b8
  pc = 0xc17131c8
  pc = 0xc1716a7c
  pc = 0xc1716aae
  pc = 0xc1716c21
  pc = 0xc17185b5
  pc = 0xc17185b9
  pc = 0xc1718648
  pc = 0xc1719320
  pc = 0xc1719431
  pc = 0xc1719490
  pc = 0xc17194f0
  pc = 0xc171963d
  pc = 0xc1719654
  pc = 0xc171977e
  pc = 0xc1719fd8
  pc = 0xc171a073
  pc = 0xc171a428
  pc = 0xc171a430
  pc = 0xc171a46b
  pc = 0xc1721be0
  pc = 0xc1721c0d
  pc = 0xc17249ec
  pc = 0xc17249f2
  pc = 0xc1724b3a
  pc = 0xc1724bb6
  pc = 0xc1724cbc
  pc = 0xc17251f9
  pc = 0xc1729ccd
  pc = 0xc1729cf5
  pc = 0xc1729ea8
  pc = 0xc172a009
  pc = 0xc172bf30
  pc = 0xc172c126
  pc = 0xc1731c50
  pc = 0xc1731c70
  pc = 0xc1732d6e
  pc = 0xc1732d82
  pc = 0xc1732dae
  pc = 0xc1732dc3
  pc = 0xc1732e19
  pc = 0xc1732e5a
  pc = 0xc1732e63
  pc = 0xc1732e85
  pc = 0xc1732eda
  pc = 0xc17333ea
  pc = 0xc1733440
  pc = 0xc173a04b
  pc = 0xc173a06f
  pc = 0xc173a078
  pc = 0xc173a086
  pc = 0xc173a0b1
  pc = 0xc1740a50
  pc = 0xc1740aa9
  pc = 0xc1740aba
  pc = 0xc1740ac1
  pc = 0xc17448c0
  pc = 0xc1769d10
  pc = 0xc1769da3
  pc = 0xc1769e22
  pc = 0xc176dab0
  pc = 0xc176dc35
  pc = 0xc176dc58
  pc = 0xc176dcce
  pc = 0xc176e1d5
  pc = 0xc176e314
  pc = 0xc176e36a
  pc = 0xc176e39c
  pc = 0xc176e3c8
  pc = 0xc176e3d3
  pc = 0xc176e3e3
  pc = 0xc176e3eb
  pc = 0xc176e3f0
  pc = 0xc176e400
  pc = 0xc176e4b6
  pc = 0xc176e4d8
  pc = 0xc17753a0
  pc = 0xc1775404
  pc = 0xc177c37e
  pc = 0xc177c6f1
  pc = 0xc177ffb0
  pc = 0xc177ffb2
  pc = 0xc178007f
  pc = 0xc1783510
  pc = 0xc1783540
  pc = 0xc1783c78
  pc = 0xc1783cf3
  pc = 0xc1783f10
  pc = 0xc1783f3f
  pc = 0xc178443a
  pc = 0xc178444b
  pc = 0xc178444f
  pc = 0xc1784457
  pc = 0xc1784490
  pc = 0xc17844d0
  pc = 0xc178507a
  pc = 0xc17850a2
  pc = 0xc1785261
  pc = 0xc178527c
  pc = 0xc1785308
  pc = 0xc1785323
  pc = 0xc178535c
  pc = 0xc17853cd
  pc = 0xc17853e3
  pc = 0xc17856f0
  pc = 0xc1786260
  pc = 0xc17862a3
  pc = 0xc17862e7
  pc = 0xc1786310
  pc = 0xc1786316
  pc = 0xc178632f
  pc = 0xc1787a90
  pc = 0xc1787b40
  pc = 0xc1787d58
  pc = 0xc17890e0
  pc = 0xc1789153
  pc = 0xc178915d
  pc = 0xc178917b
  pc = 0xc17891c3
  pc = 0xc17892e0
  pc = 0xc178bf50
  pc = 0xc178bf7e
  pc = 0xc178c4a0
  pc = 0xc178c6a9
  pc = 0xc178c8c0
  pc = 0xc178c8d5
  pc = 0xc178c900
  pc = 0xc178c904
  pc = 0xc178c90e
  pc = 0xc178d5c0
  pc = 0xc178d5fb
  pc = 0xc178d62f
  pc = 0xc178d64f
  pc = 0xc178d675
  pc = 0xc178d6a8
  pc = 0xc178d750
  pc = 0xc178d813
  pc = 0xc178d942
  pc = 0xc178d9a1
  pc = 0xc178d9c0
  pc = 0xc178d9ed
  pc = 0xc178da38
  pc = 0xc178e12b
  pc = 0xc17925d0
  pc = 0xc1792609
  pc = 0xc1792627
  pc = 0xc179264f
  pc = 0xc179266c
  pc = 0xc17a5420
  pc = 0xc17a5435
  pc = 0xc17a5450
  pc = 0xc17a545b
  pc = 0xc17a5470
  pc = 0xc17a54c0
  pc = 0xc17a5510
  pc = 0xc17a552f
  pc = 0xc17a65f0
  pc = 0xc17a6606
  pc = 0xc17a6668
  pc = 0xc17a6703
  pc = 0xc17a68c6
  pc = 0xc17a68ec
  pc = 0xc17c6460
  pc = 0xc17c6531
  pc = 0xc17c6549
  pc = 0xc17c6678
  pc = 0xc17c6f44
  pc = 0xf849eca2
  pc = 0xf849f991
