7c90e43f 7c90d04c 7c817067 004013e2 00401a3f 7c80a105 7c809574 7c90df2c 7c90e43f 7c90d04c 7c80b719 7c80c143 7c90de6c 7c90e43f 7c90d04c 7c80b719 7c80c143 7c90de6c 7c90e43f 7c90d04c 7c80b713 004018b4 004015d4 00401590 77c418ab 77c4311b 77c3edb2 77c3035a 77c301c5 (asid=0x0c5ae000, sp=0x00000001)  3
7c90e43f 7c90d04c 7c817067 004013e2 00401a3f 7c80a105 7c809574 7c90df2c 7c90e43f 7c90d04c 7c80b719 7c80c143 7c90de6c 7c90e43f 7c90d04c 7c80b719 7c80c143 7c90de6c 7c90e43f 7c90d04c 7c80b713 004018b4 004015d4 00401590 77c418ab 77c4311b 77c3edb2 77c3035a 77c301dd (asid=0x0c5ae000, sp=0x00000001)  3
7c90e43f 7c90d04c 7c817067 004013e2 00401a3f 7c80a105 7c809574 7c90df2c 7c90e43f 7c90d04c 7c80b719 7c80c143 7c90de6c 7c90e43f 7c90d04c 7c80b719 7c80c143 7c90de6c 7c90e43f 7c90d04c 7c80b713 004018b4 004015d4 00401590 77c4189f 77c42696 77c42332 (asid=0x0c5ae000, sp=0x00000001)  3
7c90e43f 7c90d04c 7c817067 004013e2 00401a3f 7c80a105 7c809574 7c90df2c 7c90e43f 7c90d04c 7c80b719 7c80c143 7c90de6c 7c90e43f 7c90d04c 7c80b719 7c80c143 7c90de6c 7c90e43f 7c90d04c 7c80b713 004018b4 004015d4 00401590 77c418ab 77c4311b 77c3edb2 77c3035a 77c30218 7c81cc71 7c81cc5d 7c81cbbe (asid=0x0c5ae000, sp=0x00000001)  6
8056b6cd 8056b43b 8056b580 8056b640 8056b6cd 8056b43b 8056b580 8056b640 8056b6cd 8056bb18 8056b43b 8056b580 8056b640 8056b6cd 8056b43b 8056b580 8056b640 8056b6cd 8056b43b 8056b580 8056b640 8056b6cd 8056b43b 8056b580 8056b640 8056b6cd bf8bf0b1 8056b43b 8056b580 8056b640 8056b6cd 8056b43b 8056b580 8056b640 8056b6cd bf8bf0b1 8056b43b 8056b580 8056b789 (asid=0x00000000, sp=0x00000000)  6
8056b6cd 8056b43b 8056b580 8056b640 8056b6cd 8056b43b 8056b580 8056b640 8056b6cd 8056bb18 8056b43b 8056b580 8056b640 8056b6cd 8056b43b 8056b580 8056b640 8056b6cd 8056b43b 8056b580 8056b640 8056b6cd 8056b43b 8056b580 8056b640 8056b6cd bf8bf0b1 8056b43b 8056b580 8056b640 8056b6cd 8056b43b 8056b580 8056b640 8056b6cd 8056b789 (asid=0x00000000, sp=0x00000000)  6
806f02e2 8058ea1f 8057708b 804e2013 8058edbd 8058edcf 80574b13 804de7ec 8057708b 80576e82 8056b789 (asid=0x00000000, sp=0x00000000)  6
806f02e2 8058ea1f 8057708b 804e2013 8058edbd 8058edcf 80574b13 804de7ec 8057708b 80577050 8056b789 (asid=0x00000000, sp=0x00000000)  6
