  pc = 0x101ede
  pc = 0x2bdf
  pc = 0x2c4c
  pc = 0x380c
  pc = 0x3a61
  pc = 0x3b0c
  pc = 0x3edc
  pc = 0x3eeb
