  pc = 0x101ede
  pc = 0x2f88
  pc = 0x401def
  pc = 0x401ea0
  pc = 0x4079a0
  pc = 0x4079ae
  pc = 0x407d1c
  pc = 0x409451
  pc = 0x409b60
  pc = 0x409b9a
  pc = 0x409bfc
  pc = 0x40aad0
  pc = 0x40ab60
  pc = 0x40ac16
