  pc = 0x102c47
  pc = 0x102cac
  pc = 0x1671def
  pc = 0x1671ea0
  pc = 0x16779a0
  pc = 0x16779ae
  pc = 0x1677d1c
  pc = 0x1679451
  pc = 0x1679b60
  pc = 0x1679b9a
  pc = 0x1679bfc
  pc = 0x167aad0
  pc = 0x167ab60
  pc = 0x167ac16
  pc = 0x28fc
  pc = 0x5778
  pc = 0x77f892d6
  pc = 0x77f892ed
  pc = 0x77f89304
  pc = 0x77f8931b
  pc = 0x77f89332
  pc = 0x77f89349
  pc = 0x77f89360
  pc = 0x77f89377
  pc = 0x77f8938e
  pc = 0x77f893a5
  pc = 0x77f893bc
  pc = 0x7c4fc394
  pc = 0x80402408
  pc = 0x8040db2f
